[ok] Everest -> images/mountains/everest.jpg
[ok] K2 -> images/mountains/k2.jpg
[ok] Kangchenjunga -> images/mountains/kangchenjunga.jpg
[ok] Lhotse -> images/mountains/lhotse.jpg
[ok] Makalu -> images/mountains/makalu.jpg
[ok] Cho Oyu -> images/mountains/cho-oyu.jpg
[ok] Dhaulagiri I -> images/mountains/dhaulagiri-i.jpg
[ok] Manaslu -> images/mountains/manaslu.jpg
[ok] Nanga Parbat -> images/mountains/nanga-parbat.jpg
[ok] Annapurna I -> images/mountains/annapurna-i.jpg
[ok] Gasherbrum I -> images/mountains/gasherbrum-i.jpg
[ok] Broad Peak -> images/mountains/broad-peak.jpg
[ok] Gasherbrum II -> images/mountains/gasherbrum-ii.jpg
[ok] Shishapangma -> images/mountains/shishapangma.jpg
[ok] Gyachung Kang -> images/mountains/gyachung-kang.jpg
[ok] Annapurna II -> images/mountains/annapurna-ii.jpg
[ok] Gasherbrum IV -> images/mountains/gasherbrum-iv.jpg
[ok] Himalchuli -> images/mountains/himalchuli.jpg
[ok] Distaghil Sar -> images/mountains/distaghil-sar.jpg
[ok] Ngadi Chuli -> images/mountains/ngadi-chuli.jpg
[ok] Khunyang Chhish -> images/mountains/khunyang-chhish.jpg
[ok] Masherbrum -> images/mountains/masherbrum.jpg
[ok] Nanda Devi -> images/mountains/nanda-devi.jpg
[ok] Chomo Lonzo -> images/mountains/chomo-lonzo.jpg
[ok] Batura Sar -> images/mountains/batura-sar.jpg
[ok] Rakaposhi -> images/mountains/rakaposhi.jpg
[ok] Namcha Barwa -> images/mountains/namcha-barwa.jpg
[ok] Kanjut Sar -> images/mountains/kanjut-sar.jpg
[ok] Kamet -> images/mountains/kamet.jpg
[ok] Dhaulagiri II -> images/mountains/dhaulagiri-ii.jpg
[ok] Saltoro Kangri -> images/mountains/saltoro-kangri.png
[ok] Kumbhakarna (Jannu) -> images/mountains/kumbhakarna-jannu.jpg
[ok] Tirich Mir -> images/mountains/tirich-mir.jpg
[ok] Gurla Mandhata -> images/mountains/gurla-mandhata.jpg
[ok] Saser Kangri I -> images/mountains/saser-kangri-i.jpg
[ok] Chogolisa -> images/mountains/chogolisa.jpg
[ok] Kongur Tagh -> images/mountains/kongur-tagh.jpg
[ok] Shispare -> images/mountains/shispare.jpg
[ok] Trivor -> images/mountains/trivor.jpg
[ok] Gongga Shan -> images/mountains/gongga-shan.jpg
[ok] Annapurna III -> images/mountains/annapurna-iii.jpg
[ok] Skyang Kangri -> images/mountains/skyang-kangri.jpg
[ok] Changtse -> images/mountains/changtse.jpg
[ok] Kula Kangri -> images/mountains/kula-kangri.jpg
[ok] Kongur Tiube -> images/mountains/kongur-tiube.jpg
[ok] Mamostong Kangri -> images/mountains/mamostong-kangri.jpg
[ok] Saser Kangri II E -> images/mountains/saser-kangri-ii-e.jpg
[ok] Muztagh Ata -> images/mountains/muztagh-ata.jpg
[ok] Ismoil Somoni Peak -> images/mountains/ismoil-somoni-peak.jpg
[ok] Saser Kangri III -> images/mountains/saser-kangri-iii.jpg
[ok] Noshaq -> images/mountains/noshaq.jpg
[ok] Pumari Chhish -> images/mountains/pumari-chhish.jpg
[ok] Passu Sar -> images/mountains/passu-sar.jpg
[ok] Yukshin Gardan Sar -> images/mountains/yukshin-gardan-sar.jpg
[ok] Teram Kangri I -> images/mountains/teram-kangri-i.jpg
[ok] Jongsong Peak -> images/mountains/jongsong-peak.jpg
[ok] Malubiting -> images/mountains/malubiting.jpg
[ok] Gangapurna -> images/mountains/gangapurna.jpg
[ok] Jengish Chokusu -> images/mountains/jengish-chokusu.jpg
[ok] K12 -> images/mountains/k12.png
[ok] Yangra (Ganesh I) -> images/mountains/yangra-ganesh-i.jpg
[ok] Sia Kangri -> images/mountains/sia-kangri.jpg
[ok] Momhil Sar -> images/mountains/momhil-sar.jpg
[ok] Kabru North -> images/mountains/kabru-north.jpg
[ok] Skil Brum -> images/mountains/skil-brum.jpg
[ok] Haramosh Peak -> images/mountains/haramosh-peak.jpg
[ok] Istor-o-Nal -> images/mountains/istor-o-nal.jpg
[ok] Ghent Kangri -> images/mountains/ghent-kangri.png
[ok] Ultar -> images/mountains/ultar.jpg
[ok] Rimo I -> images/mountains/rimo-i.jpg
[ok] Churen Himal -> images/mountains/churen-himal.jpg
[ok] Teram Kangri III -> images/mountains/teram-kangri-iii.jpg
[ok] Sherpi Kangri -> images/mountains/sherpi-kangri.jpg
[ok] Labuche Kang -> images/mountains/labuche-kang.jpg
[ok] Kirat Chuli -> images/mountains/kirat-chuli.jpg
[ok] Saraghrar -> images/mountains/saraghrar.jpg
[ok] Jomolhari -> images/mountains/jomolhari.jpg
[ok] Chamlang -> images/mountains/chamlang.jpg
[ok] Chongtar -> images/mountains/chongtar.jpg
[ok] Khan Tengri -> images/mountains/khan-tengri.jpg
[ok] Machapuchare -> images/mountains/machapuchare.jpg
[ok] Aconcagua -> images/mountains/aconcagua.jpg
[ok] Ojos del Salado -> images/mountains/ojos-del-salado.jpg
[ok] Ama Dablam -> images/mountains/ama-dablam.jpg
[ok] Huascarán -> images/mountains/huascaran.jpg
[ok] Mount Kailash -> images/mountains/mount-kailash.jpg
[ok] Sajama -> images/mountains/sajama.jpg
[ok] Illimani -> images/mountains/illimani.jpg
[ok] Chimborazo -> images/mountains/chimborazo.jpg
[ok] Denali -> images/mountains/denali.jpg
[ok] Mount Logan -> images/mountains/mount-logan.jpg
[ok] Alpamayo -> images/mountains/alpamayo.jpg
[ok] Cotopaxi -> images/mountains/cotopaxi.jpg
[ok] Kilimanjaro -> images/mountains/kilimanjaro.jpg
[ok] Hkakabo Razi -> images/mountains/hkakabo-razi.jpg
[ok] El Misti -> images/mountains/el-misti.jpg
[ok] Pico Cristóbal Colón -> images/mountains/pico-cristobal-colon.jpg
[ok] Mount Elbrus -> images/mountains/mount-elbrus.jpg
[ok] Pico de Orizaba -> images/mountains/pico-de-orizaba.jpg
[ok] Damavand -> images/mountains/damavand.jpg
[ok] Popocatépetl -> images/mountains/popocatepetl.jpg
[ok] Iztaccíhuatl -> images/mountains/iztaccihuatl.jpg
[ok] Shkhara -> images/mountains/shkhara.jpg
[ok] Mount Kenya -> images/mountains/mount-kenya.jpg
[ok] Mount Ararat -> images/mountains/mount-ararat.jpg
[ok] Margherita Peak -> images/mountains/margherita-peak.jpg
[ok] Mount Stanley -> images/mountains/mount-stanley.jpg
[ok] Pico Bolívar -> images/mountains/pico-bolivar.jpg
[ok] Vinson Massif -> images/mountains/vinson-massif.jpg
[ok] Puncak Jaya -> images/mountains/puncak-jaya.jpg
[ok] Mont Blanc -> images/mountains/mont-blanc.jpg
[ok] Klyuchevskaya Sopka -> images/mountains/klyuchevskaya-sopka.jpg
[ok] Khazret Sultan -> images/mountains/khazret-sultan.jpg
[ok] Dufourspitze -> images/mountains/dufourspitze.jpg
[ok] Ras Dashen -> images/mountains/ras-dashen.jpg
[ok] Dom -> images/mountains/dom.png
[ok] Mount Wilhelm -> images/mountains/mount-wilhelm.jpg
[ok] Mount Karisimbi -> images/mountains/mount-karisimbi.jpg
[ok] Weisshorn -> images/mountains/weisshorn.jpg
[ok] Matterhorn -> images/mountains/matterhorn.jpg
[ok] Bazardüzü -> images/mountains/bazarduzu.jpg
[ok] Mount Whitney -> images/mountains/mount-whitney.jpg
[ok] Mount Elbert -> images/mountains/mount-elbert.jpg
[ok] Mount Rainier -> images/mountains/mount-rainier.jpg
[ok] Khüiten Peak -> images/mountains/khuiten-peak.jpg
[ok] Longs Peak -> images/mountains/longs-peak.jpg
[ok] Grand Combin -> images/mountains/grand-combin.jpg
[ok] Pikes Peak -> images/mountains/pikes-peak.jpg
[ok] Mauna Kea -> images/mountains/mauna-kea.jpg
[ok] Volcán Tajumulco -> images/mountains/volcan-tajumulco.jpg
[ok] Grand Teton -> images/mountains/grand-teton.jpg
[ok] Mauna Loa -> images/mountains/mauna-loa.jpg
[ok] Jbel Toubkal -> images/mountains/jbel-toubkal.jpg
[ok] Jungfrau -> images/mountains/jungfrau.jpg
[ok] Mönch -> images/mountains/monch.jpg
[ok] Gunung Kinabalu -> images/mountains/gunung-kinabalu.jpg
[ok] Mount Aragats -> images/mountains/mount-aragats.jpg
[ok] Gran Paradiso -> images/mountains/gran-paradiso.jpg
[ok] Piz Bernina -> images/mountains/piz-bernina.jpg
[ok] Mount Cameroon -> images/mountains/mount-cameroon.jpg
[ok] Eiger -> images/mountains/eiger.jpg
[ok] Mount Robson -> images/mountains/mount-robson.jpg
[ok] Yu Shan -> images/mountains/yu-shan.png
[ok] Ortler -> images/mountains/ortler.jpg
[ok] Cerro Chirripó -> images/mountains/cerro-chirripo.jpg
[ok] Grossglockner -> images/mountains/grossglockner.jpg
[ok] Mount Erebus -> images/mountains/mount-erebus.jpg
[ok] Mount Fuji -> images/mountains/mount-fuji.jpg
[ok] Wildspitze -> images/mountains/wildspitze.jpg
[ok] Jabal an Nabi Shu'ayb -> images/mountains/jabal-an-nabi-shu-ayb.jpg
[ok] Mount Assiniboine -> images/mountains/mount-assiniboine.jpg
[ok] Cheekha Dar -> images/mountains/cheekha-dar.jpg
[ok] Thabana Ntlenyana -> images/mountains/thabana-ntlenyana.jpg
[ok] Volcán Barú -> images/mountains/volcan-baru.jpg
[ok] Mafadi -> images/mountains/mafadi.jpg
[ok] Emi Koussi -> images/mountains/emi-koussi.jpg
[ok] Mount Hood -> images/mountains/mount-hood.jpg
[ok] Fitz Roy -> images/mountains/fitz-roy.jpg
[ok] Etna -> images/mountains/etna.jpg
[ok] Marmolada -> images/mountains/marmolada.jpg
[ok] Mount Kita -> images/mountains/mount-kita.jpg
[ok] Mount Hotaka -> images/mountains/mount-hotaka.jpg
[ok] Kinyeti -> images/mountains/kinyeti.jpg
[ok] Fansipan -> images/mountains/fansipan.jpg
[ok] Aýrybaba -> images/mountains/ayrybaba.jpg
[ok] Cerro Torre -> images/mountains/cerro-torre.jpg
[ok] Pico Duarte -> images/mountains/pico-duarte.jpg
[ok] Qurnat as Sawda' -> images/mountains/qurnat-as-sawda.jpg
[ok] Piton des Neiges -> images/mountains/piton-des-neiges.jpg
[ok] Jabal Marrah -> images/mountains/jabal-marrah.jpg
[ok] Emba Soira -> images/mountains/emba-soira.png
[ok] Jabal Shams -> images/mountains/jabal-shams.jpg
[ok] Jabal Soudah -> images/mountains/jabal-soudah.jpg
[ok] Pico Basilé -> images/mountains/pico-basile.jpg
[ok] Mount Mulanje -> images/mountains/mount-mulanje.jpg
[ok] Pico da Neblina -> images/mountains/pico-da-neblina.jpg
[ok] Zugspitze -> images/mountains/zugspitze.jpg
[ok] Mount Apo -> images/mountains/mount-apo.jpg
[ok] Coma Pedrosa -> images/mountains/coma-pedrosa.jpg
[ok] Mount Paget -> images/mountains/mount-paget.jpg
[ok] Musala -> images/mountains/musala.jpg
[ok] Mount Tahat -> images/mountains/mount-tahat.jpg
[ok] Maromokotro -> images/mountains/maromokotro.jpg
[ok] Cerro Las Minas -> images/mountains/cerro-las-minas.jpg
[ok] Triglav -> images/mountains/triglav.jpg
[ok] Phou Bia -> images/mountains/phou-bia.jpg
[ok] Pico do Fogo -> images/mountains/pico-do-fogo.jpg
[ok] Jabal el-Sheikh -> images/mountains/jabal-el-sheikh.jpg
[ok] Mount Ruapehu -> images/mountains/mount-ruapehu.jpg
[ok] Mount Roraima -> images/mountains/mount-roraima.jpg
[ok] Golem Korab -> images/mountains/golem-korab.jpg
[ok] Big Ben -> images/mountains/big-ben.jpg
[ok] Paektu-san -> images/mountains/paektu-san.jpg
[ok] Cerro El Pital -> images/mountains/cerro-el-pital.jpg
[ok] Watzmann -> images/mountains/watzmann.jpg
[ok] Maja Jezercë -> images/mountains/maja-jezerce.jpg
[ok] Mount Heha -> images/mountains/mount-heha.jpg
[ok] Pic la Selle -> images/mountains/pic-la-selle.jpg
[ok] Velika Rudoka -> images/mountains/velika-rudoka.jpg
[ok] Mount Catherine -> images/mountains/mount-catherine.jpg
[ok] Mount Moco -> images/mountains/mount-moco.jpg
[ok] Grauspitz -> images/mountains/grauspitz.jpg
[ok] Inyangani -> images/mountains/inyangani.jpg
[ok] Königstein -> images/mountains/konigstein.jpg
[ok] Doi Inthanon -> images/mountains/doi-inthanon.jpg
[ok] Mount St. Helens -> images/mountains/mount-st-helens.jpg
[ok] Moldoveanu -> images/mountains/moldoveanu.jpg
[ok] Zla Kolata -> images/mountains/zla-kolata.jpg
[ok] Pidurutalagala -> images/mountains/pidurutalagala.jpg
[ok] Mount Taranaki -> images/mountains/mount-taranaki.jpg
[ok] Rysy -> images/mountains/rysy.jpg
[ok] Galdhøpiggen -> images/mountains/galdhpiggen.jpg
[ok] Shimbiris -> images/mountains/shimbiris.jpg
[ok] Monte Binga -> images/mountains/monte-binga.jpg
[ok] Chappal Waddi -> images/mountains/chappal-waddi.jpg
[ok] Maglić -> images/mountains/maglic.jpg
[ok] Mount Karthala -> images/mountains/mount-karthala.jpg
[ok] Montanha do Pico -> images/mountains/montanha-do-pico.jpg
[ok] Mount Popomanaseu -> images/mountains/mount-popomanaseu.jpg
[ok] Beerenberg -> images/mountains/beerenberg.jpg
[ok] Bikku Bitti -> images/mountains/bikku-bitti.jpg
[ok] Blue Mountain Peak -> images/mountains/blue-mountain-peak.jpg
[ok] Mont Orohena -> images/mountains/mont-orohena.jpg
[ok] Mount Kosciuszko -> images/mountains/mount-kosciuszko.jpg
[ok] Midžor -> images/mountains/midzor.jpg
[ok] Hvannadalshnúkur -> images/mountains/hvannadalshnukur.jpg
[ok] Kebnekaise -> images/mountains/kebnekaise.jpg
[ok] Mogotón -> images/mountains/mogoton.jpg
[ok] Queen Mary's Peak -> images/mountains/queen-mary-s-peak.jpg
[ok] Hoverla -> images/mountains/hoverla.jpg
[ok] Pico de São Tomé -> images/mountains/pico-de-sao-tome.jpg
[ok] Mont Idoukal-n-Taghès -> images/mountains/mont-idoukal-n-taghes.png
[ok] Mousa Ali -> images/mountains/mousa-ali.png
[ok] Halla-san -> images/mountains/halla-san.jpg
[ok] Mount Bintumani -> images/mountains/mount-bintumani.jpg
[ok] Jebel Jais -> images/mountains/jebel-jais.jpg
[ok] Mount Tabwemasana -> images/mountains/mount-tabwemasana.jpg
[ok] Bukit Pagon -> images/mountains/bukit-pagon.jpg
[ok] Emlembe -> images/mountains/emlembe.jpg
[ok] Mauga Silisili -> images/mountains/mauga-silisili.jpg
[ok] Jabal Umm ad Dami -> images/mountains/jabal-umm-ad-dami.jpg
[ok] Mont Ross -> images/mountains/mont-ross.jpg
[ok] Dinara -> images/mountains/dinara.jpg
[ok] Phnom Aural -> images/mountains/phnom-aural.jpg
[ok] Mont Nimba -> images/mountains/mont-nimba.jpg
[ok] Mont Panié -> images/mountains/mont-panie.jpg
[ok] Sněžka -> images/mountains/snezka.jpg
[ok] Jebel ech Chambi -> images/mountains/jebel-ech-chambi.jpg
[ok] Otse Hill -> images/mountains/otse-hill.jpg
[ok] La Grande Soufrière -> images/mountains/la-grande-soufriere.jpg
[ok] Mount Wuteve -> images/mountains/mount-wuteve.png
[ok] Morne Diablotins -> images/mountains/morne-diablotins.jpg
[ok] Mont Ngaoui -> images/mountains/mont-ngaoui.png
[ok] Mont Pelée -> images/mountains/mont-pelee.jpg
[ok] Ben Nevis -> images/mountains/ben-nevis.jpg
[ok] Cerro de Punta -> images/mountains/cerro-de-punta.jpg
[ok] Tomanivi -> images/mountains/tomanivi.jpg
[ok] Halti -> images/mountains/halti.jpg
[ok] Vesuvius -> images/mountains/vesuvius.jpg
[ok] Juliana Top -> images/mountains/juliana-top.jpg
[ok] Mount Meron -> images/mountains/mount-meron.jpg
[ok] Hombori Tondo -> images/mountains/hombori-tondo.jpg
[ok] Doyle's Delight -> images/mountains/doyle-s-delight.jpg
[ok] Snowdon -> images/mountains/snowdon.jpg
[ok] Mont Bengoué -> images/mountains/mont-bengoue.jpg
[ok] Kao -> images/mountains/kao.jpg
[ok] Carrauntoohil -> images/mountains/carrauntoohil.jpg
[ok] Mount Nabi Yunis -> images/mountains/mount-nabi-yunis.jpg
[ok] Mont Nabemba -> images/mountains/mont-nabemba.jpg
[ok] Kékes -> images/mountains/kekes.jpg
[ok] Mont Agou -> images/mountains/mont-agou.png
[ok] Scafell Pike -> images/mountains/scafell-pike.jpg
[ok] Mount Gimie -> images/mountains/mount-gimie.jpg
[ok] Cerro del Aripo -> images/mountains/cerro-del-aripo.png
[ok] Stromboli -> images/mountains/stromboli.jpg
[ok] Chances Peak -> images/mountains/chances-peak.jpg
[ok] Kediet ej Jill -> images/mountains/kediet-ej-jill.jpg
[ok] Morne Seychellois -> images/mountains/morne-seychellois.jpg
[ok] Leklata -> images/mountains/leklata.png
[ok] Slættaratindur -> images/mountains/slttaratindur.jpg
[ok] Mount Scenery -> images/mountains/mount-scenery.jpg
[ok] Bellevue de l'Inini -> images/mountains/bellevue-de-l-inini.png
[ok] Cerro Perő -> images/mountains/cerro-pero.jpg
[ok] Mount Saint Catherine -> images/mountains/mount-saint-catherine.jpg
[ok] Piton de la Petite Rivière Noire -> images/mountains/piton-de-la-petite-riviere-noire.png
[ok] Nanlaud -> images/mountains/nanlaud.png
[ok] Olavtoppen -> images/mountains/olavtoppen.png
[ok] Mount Tenakourou -> images/mountains/mount-tenakourou.jpg
[ok] Monte Titano -> images/mountains/monte-titano.jpg
[ok] Mount Usborne -> images/mountains/mount-usborne.jpg
[ok] Signal de Botrange -> images/mountains/signal-de-botrange.jpg
[ok] Benara -> images/mountains/benara.jpg
[ok] Mont Sokbaro -> images/mountains/mont-sokbaro.jpg
[ok] Te Manga -> images/mountains/te-manga.jpg
[ok] Felo Barkere -> images/mountains/felo-barkere.png
[ok] Kneiff -> images/mountains/kneiff.jpg
[ok] Cerro Catedral -> images/mountains/cerro-catedral.jpg
[ok] Rock of Gibraltar -> images/mountains/rock-of-gibraltar.png
[ok] Mount Lamlam -> images/mountains/mount-lamlam.jpg
[ok] Boggy Peak -> images/mountains/boggy-peak.jpg
[ok] Flagstaff Peak -> images/mountains/flagstaff-peak.jpg
[ok] Sint Christoffelberg -> images/mountains/sint-christoffelberg.jpg
[ok] Murray Hill -> images/mountains/murray-hill.jpg
[ok] Mount Hillaby -> images/mountains/mount-hillaby.jpg
[ok] Mount Bates -> images/mountains/mount-bates.png
[ok] Suur Munamägi -> images/mountains/suur-munamagi.jpg
[ok] Gaiziņkalns -> images/mountains/gaizinkalns.jpg
[ok] Aukštojas -> images/mountains/aukstojas.jpg
[ok] Morne de Vitet -> images/mountains/morne-de-vitet.jpg
[ok] Dongol Rondè -> images/mountains/dongol-ronde.png
[ok] Ta' Dmejrek -> images/mountains/ta-dmejrek.jpg
[ok] Mount Ngerchelchuus -> images/mountains/mount-ngerchelchuus.jpg
[ok] Mount Jamanota -> images/mountains/mount-jamanota.jpg
[ok] Coloane Alto -> images/mountains/coloane-alto.jpg
[ok] Møllehøj -> images/mountains/mllehj.jpg
[ok] Bukit Timah Hill -> images/mountains/bukit-timah-hill.jpg
[ok] Mont Agel -> images/mountains/mont-agel.jpg
[ok] Les Platons -> images/mountains/les-platons.jpg
[ok] Mountain of Smoke -> images/mountains/mountain-of-smoke.jpg
[ok] Le Moulin -> images/mountains/le-moulin.jpg
[ok] Qurayn Abu al Bawl -> images/mountains/qurayn-abu-al-bawl.jpg
[ok] Hármas-határ-hegy -> images/mountains/harmas-hatar-hegy.jpg
[ok] Galyatető -> images/mountains/galyateto.jpg
[ok] Istállós-kő -> images/mountains/istallos-ko.jpg
[ok] Bálvány -> images/mountains/balvany.jpg
[ok] Tar-kő -> images/mountains/tar-ko.gif
[ok] Csóványos -> images/mountains/csovanyos.jpg
[ok] Nagy-Milic -> images/mountains/nagy-milic.jpg
[ok] Írott-kő -> images/mountains/irott-ko.jpg
[ok] Nagy-Hideg-hegy -> images/mountains/nagy-hideg-hegy.jpg
[ok] Bél-kő -> images/mountains/bel-ko.jpg
[ok] Muzsla -> images/mountains/muzsla.jpg
[ok] Pilis -> images/mountains/pilis.jpg
[ok] Karancs -> images/mountains/karancs.jpg
[ok] Kőris-hegy -> images/mountains/koris-hegy.jpg
[ok] Dobogókő -> images/mountains/dobogoko.jpg
[ok] Zengő -> images/mountains/zengo.jpg
[ok] Naszály -> images/mountains/naszaly.jpg
[ok] Prédikálószék -> images/mountains/predikaloszek.jpg
[ok] Nagy-Gerecse -> images/mountains/nagy-gerecse.jpg
[ok] Tubes -> images/mountains/tubes.jpg
[ok] Nagy-Kopasz -> images/mountains/nagy-kopasz.png
[ok] János-hegy -> images/mountains/janos-hegy.jpg
[ok] Nagy-Hárs-hegy -> images/mountains/nagy-hars-hegy.png
[ok] Badacsony -> images/mountains/badacsony.jpg
[ok] Somló -> images/mountains/somlo.jpg
[ok] Ság-hegy -> images/mountains/sag-hegy.jpg
[ok] Gerlachfalvi-csúcs -> images/mountains/gerlachfalvi-csucs.jpg
[ok] Tengerszem-csúcs -> images/mountains/tengerszem-csucs.jpg
[ok] Kriván -> images/mountains/krivan.jpg
[ok] Nagyszalóki-csúcs -> images/mountains/nagyszaloki-csucs.jpg
[ok] Kis-Viszoka -> images/mountains/kis-viszoka.jpg
[ok] Kapor-csúcs -> images/mountains/kapor-csucs.jpg
[ok] Fehér-tavi-csúcs -> images/mountains/feher-tavi-csucs.jpg
[ok] Elülső-Szoliszkó -> images/mountains/elulso-szoliszko.jpg
[ok] Gyömbér -> images/mountains/gyomber.jpg
[ok] Nagy-Morgás -> images/mountains/nagy-morgas.png
[ok] Chopok -> images/mountains/chopok.jpg
[ok] Oszterva -> images/mountains/oszterva.jpg
Done. ok/dry-run=359, skipped=0, missing=0
EXIT:0
