[ok] Vízityúk -> images/vizityuk.jpg
[ok] Pásztormejnó -> images/pasztormejno.jpg
[ok] Estifecske -> images/estifecske.jpg
[ok] Fülemüle -> images/fulemule.jpg
[ok] Holló -> images/hollo.jpg
[ok] Billegetőcankó -> images/billegetocanko.jpg
[ok] Seregély -> images/seregely.jpg
[ok] Sarlósfecske -> images/sarlosfecske.jpg
[ok] Varrómadár -> images/varromadar.jpg
[ok] Csörgő réce -> images/csorgo-rece.jpg
[ok] Sárgatorkú földiposzáta -> images/sargatorku-foldiposzata.jpg
[ok] Cooper-héja -> images/cooper-heja.jpg
[ok] Sárgatorkú bajszika -> images/sargatorku-bajszika.jpg
[ok] Sitta -> images/sitta.jpg
[ok] Raggi-paradicsommadár -> images/raggi-paradicsommadar.jpg
[ok] Nipponíbisz -> images/nipponibisz.png
[ok] Búbospacsirta -> images/bubospacsirta.jpg
[ok] Kontyos galamb -> images/kontyos-galamb.jpg
[ok] Skarlátdalnok -> images/skarlatdalnok.jpg
[ok] Téli sármánypinty -> images/teli-sarmanypinty.jpg
[ok] Feketecsőrű sivatagipinty -> images/feketecsoru-sivatagipinty.jpg
[ok] Sivatagi hantmadár -> images/sivatagi-hantmadar.jpg
[ok] Dikcisszel -> images/dikcisszel.jpg
[ok] Füles kárókatona -> images/fules-karokatona.jpg
[ok] Pehelyharkály -> images/pehelyharkaly.jpg
[ok] Erdei szürkebegy -> images/erdei-szurkebegy.jpg
[ok] Vörösbegyű kékmadár -> images/vorosbegyu-kekmadar.jpg
[ok] Parlagi sas -> images/parlagi-sas.jpg
[ok] Keleti királygébics -> images/keleti-kiralygebics.jpg
[ok] Szürke légykapótirannusz -> images/szurke-legykapotirannusz.jpg
[ok] Keleti rozella -> images/keleti-rozella.jpg
[ok] Keleti lármáskuvik -> images/keleti-larmaskuvik.jpg
[ok] Keleti ostormadár -> images/keleti-ostormadar.jpg
[ok] Eleonóra-sólyom -> images/eleonora-solyom.jpg
[ok] Emu -> images/emu.jpg
[ok] Balkáni gerle -> images/balkani-gerle.jpg
[ok] Szárcsa -> images/szarcsa.jpg
[ok] Uhu -> images/uhu.jpg
[ok] Sárgarigó -> images/sargarigo.jpg
[ok] Zöld küllő -> images/zold-kullo.jpg
[ok] Kabasólyom -> images/kabasolyom.jpg
[ok] Búbos banka -> images/bubos-banka.jpg
[ok] Szajkó -> images/szajko.jpg
[ok] Vörös vércse -> images/voros-vercse.jpg
[ok] Szarka -> images/szarka.jpg
[ok] Barna rétihéja -> images/barna-retiheja.jpg
[ok] Fenyőszajkó -> images/fenyoszajko.jpg
[ok] Csuszka -> images/csuszka.jpg
[ok] Karvaly -> images/karvaly.jpg
[ok] Mezei veréb -> images/mezei-vereb.jpg
[ok] Hegyi fakusz -> images/hegyi-fakusz.jpg
[ok] Gyurgyalag -> images/gyurgyalag.jpg
[ok] Tengelic -> images/tengelic.jpg
[ok] Darázsölyv -> images/darazsolyv.jpg
[ok] Vörösbegy -> images/vorosbegy.jpg
[ok] Európai szalakóta -> images/europai-szalakota.jpg
[ok] Vadgerle -> images/vadgerle.jpg
[ok] Királyölyv -> images/kiralyolyv.jpg
[ok] Vöröshomlokú csicsörke -> images/voroshomloku-csicsorke.jpg
[ok] Halászvarjú -> images/halaszvarju.jpg
[ok] Erdei kuvik -> images/erdei-kuvik.jpg
[ok] Tavi csér -> images/tavi-cser.jpg
[ok] Prérisirály -> images/prerisiraly.jpg
[ok] Rózsás kakadu -> images/rozsas-kakadu.jpg
[ok] Sárgafejű királyka -> images/sargafeju-kiralyka.jpg
[ok] Szirti sas -> images/szirti-sas.jpg
[ok] Aranyfácán -> images/aranyfacan.jpg
[ok] Aranyfejű cisztikola -> images/aranyfeju-cisztikola.jpg
[ok] Gould-amandina -> images/gould-amandina.jpg
[ok] Kecses prínia -> images/kecses-prinia.jpg
[ok] Grandala coelicolor -> images/grandala-coelicolor.jpg
[ok] Szöcske verébsármány -> images/szocske-verebsarmany.jpg
[ok] Macskamadár -> images/macskamadar.jpg
[ok] Hegyi billegető -> images/hegyi-billegeto.jpg
[ok] Királygém -> images/kiralygem.jpg
[ok] Nagy kárókatona -> images/nagy-karokatona.jpg
[ok] Nagy rozsdafarktirannusz -> images/nagy-rozsdafarktirannusz.jpg
[ok] Búbos vöcsök -> images/bubos-vocsok.jpg
[ok] Nagy kócsag -> images/nagy-kocsag.jpg
[ok] Nagy szarvascsőrűmadár -> images/nagy-szarvascsorumadar.jpg
[ok] Amerikai uhu -> images/amerikai-uhu.jpg
[ok] Indiai túzok -> images/indiai-tuzok.jpg
[ok] Nagy fakopáncs -> images/nagy-fakopancs.jpg
[ok] Széncinege -> images/szencinege.jpg
[ok] Sárgafejű marabu -> images/sargafeju-marabu.jpg
[ok] Rózsás flamingó -> images/rozsas-flamingo.jpg
[ok] Nagy prérityúk -> images/nagy-prerityuk.jpg
[ok] Kaliforniai földikakukk -> images/kaliforniai-foldikakukk.jpg
[ok] Gyurgyalagfélék -> images/gyurgyalagfelek.jpg
[ok] Zöld gém -> images/zold-gem.jpg
[ok] Schiller-fácán -> images/schiller-facan.jpg
[ok] Kendermagos törpelúd -> images/kendermagos-torpelud.jpg
[ok] Örvös fojtógébics -> images/orvos-fojtogebics.jpg
[ok] Szürke gém -> images/szurke-gem.jpg
[ok] Szürkebegyű gébicsrigó -> images/szurkebegyu-gebicsrigo.jpg
[ok] Szürke réce -> images/szurke-rece.jpg
[ok] Szürke bokormadár -> images/szurke-bokormadar.jpg
[ok] Szürkefejű amandina -> images/szurkefeju-amandina.jpg
[ok] Nyári lúd -> images/nyari-lud.jpg
[ok] Fakó keselyű -> images/fako-keselyu.jpg
[ok] Meggyvágó -> images/meggyvago.jpg
[ok] Pettyes fülemülerigó -> images/pettyes-fulemulerigo.jpg
[ok] Himalájai fényfácán -> images/himalajai-fenyfacan.jpg
[ok] Dolmányos varjú -> images/dolmanyos-varju.jpg
[ok] Csuklyás bukó -> images/csuklyas-buko.jpg
[ok] Csuklyás lombjáró -> images/csuklyas-lombjaro.jpg
[ok] Havasi fülespacsirta -> images/havasi-fulespacsirta.jpg
[ok] Horsfield-rézkakukk -> images/horsfield-rezkakukk.jpg
[ok] Mirafra cantillans -> images/mirafra-cantillans.jpg
[ok] Indiai varjú -> images/indiai-varju.jpg
[ok] Házi pirók -> images/hazi-pirok.jpg
[ok] Házi veréb -> images/hazi-vereb.jpg
[ok] Házi ökörszem -> images/hazi-okorszem.png
[ok] Kardcsőrű töcs -> images/kardcsoru-tocs.jpg
[ok] Inkagalambocska -> images/inkagalambocska.jpg
[ok] Kék páva -> images/kek-pava.jpg
[ok] Hosszúcsőrű keselyű -> images/hosszucsoru-keselyu.jpg
[ok] Indigópinty -> images/indigopinty.jpg
[ok] Borókacinege -> images/borokacinege.jpg
[ok] Hegyi kea -> images/hegyi-kea.jpg
[ok] Hínársirály -> images/hinarsiraly.jpg
[ok] Óriás-gyümölcsgalamb -> images/orias-gyumolcsgalamb.jpg
[ok] Ékfarkú lile -> images/ekfarku-lile.jpg
[ok] Királyguvat -> images/kiralyguvat.jpg
[ok] Csengőmadár -> images/csengomadar.jpg
[ok] Kakapó -> images/kakapo.jpg
[ok] Dzsungelvarjú -> images/dzsungelvarju.jpg
[ok] Kacagójancsi -> images/kacagojancsi.jpg
[ok] Azúrpinty -> images/azurpinty.jpg
[ok] Kis fregattmadár -> images/kis-fregattmadar.jpg
[ok] Kis poszáta -> images/kis-poszata.jpg
[ok] Aranyfülű mézevő -> images/aranyfulu-mezevo.jpg
[ok] Lincoln-sármány -> images/lincoln-sarmany.jpg
[ok] Reznek -> images/reznek.jpg
[ok] Kis kócsag -> images/kis-kocsag.jpg
[ok] Kis vöcsök -> images/kis-vocsok.jpg
[ok] Kuvik -> images/kuvik.jpg
[ok] Kék pingvin -> images/kek-pingvin.jpg
[ok] Kis kormorán -> images/kis-kormoran.jpg
[ok] Kis lile -> images/kis-lile.jpg
[ok] Indiángébics -> images/indiangebics.jpg
[ok] Őszapó -> images/oszapo.jpg
[ok] Szarkapacsirta -> images/szarkapacsirta.jpg
[ok] Inkakakadu -> images/inkakakadu.jpg
[ok] Tőkés réce -> images/tokes-rece.jpg
[ok] Homoki ásótyúk -> images/homoki-asotyuk.jpg
[ok] Mandarinréce -> images/mandarinrece.jpg
[ok] Sörényes lúd -> images/sorenyes-lud.jpg
[ok] Sárgás gyümölcsgalamb -> images/sargas-gyumolcsgalamb.jpg
[ok] Álarcos bíbic -> images/alarcos-bibic.jpg
[ok] Mississippi-sólyomhéja -> images/mississippi-solyomheja.jpg
[ok] Fecskefejű virágjáró -> images/fecskefeju-viragjaro.jpg
[ok] Moltoni-geze -> images/moltoni-geze.png
[ok] Hamvas rétihéja -> images/hamvas-retiheja.jpg
[ok] Hegyi kékmadár -> images/hegyi-kekmadar.jpg
[ok] Gambel-cinege -> images/gambel-cinege.jpg
[ok] Sirató gerle -> images/sirato-gerle.jpg
[ok] Lebernyeges réce -> images/lebernyeges-rece.jpg
[ok] Bütykös hattyú -> images/butykos-hattyu.jpg
[ok] Fehérszemű mézevő -> images/feherszemu-mezevo.jpg
[ok] Feketehomlokú mézmadár -> images/feketehomloku-mezmadar.jpg
[ok] Északi-szigeti barna kivi -> images/eszaki-szigeti-barna-kivi.jpg
[ok] Virginiai fogasfürj -> images/virginiai-fogasfurj.jpg
[ok] Vörös kardinálispinty -> images/voros-kardinalispinty.jpg
[ok] Aranyküllő -> images/aranykullo.jpg
[ok] Szula -> images/szula.jpg
[ok] Héja -> images/heja.jpg
[ok] Amerikai rétihéja -> images/amerikai-retiheja.jpg
[ok] Énekes gezerigó -> images/enekes-gezerigo.jpg
[ok] Kanalas réce -> images/kanalas-rece.jpg
[ok] Olívahátú napmadár -> images/olivahatu-napmadar.jpg
[ok] Narancssárgalábú ásótyúk -> images/narancssargalabu-asotyuk.jpg
[ok] Álarcos bagoly -> images/alarcos-bagoly.jpg
[ok] Dayal-rigó -> images/dayal-rigo.jpg
[ok] Halászsas -> images/halaszsas.jpg
[ok] Szemöldökös réce -> images/szemoldokos-rece.jpg
[ok] Pápapinty -> images/papapinty.jpg
[ok] Festett fehérfarkú -> images/festett-feherfarku.jpg
[ok] Nagy keresztcsőrű -> images/nagy-keresztcsoru.jpg
[ok] Békés gerle -> images/bekes-gerle.jpg
[ok] Vándorsólyom -> images/vandorsolyom.jpg
[ok] Sörtésfejű papagáj -> images/sortesfeju-papagaj.jpg
[ok] Fácánfarkú bozótkakukk -> images/facanfarku-bozotkakukk.jpg
[ok] Majomevő sas -> images/majomevo-sas.jpg
[ok] Gyűrűscsőrű vöcsök -> images/gyuruscsoru-vocsok.jpg
[ok] Kontyos feketeharkály -> images/kontyos-feketeharkaly.jpg
[ok] Fenyőcsíz -> images/fenyocsiz.jpg
[ok] Lapátcsőrű réce -> images/lapatcsoru-rece.jpg
[ok] Sztyeppefutó -> images/sztyeppefuto.jpg
[ok] Tonkini vízirozsdafarkú -> images/tonkini-vizirozsdafarku.jpg
[ok] Stephánia-paradicsommadár -> images/stephania-paradicsommadar.png
[ok] Citromlombjáró -> images/citromlombjaro.jpg
[ok] Amerikai szultántyúk -> images/amerikai-szultantyuk.jpg
[ok] Vörös gém -> images/voros-gem.jpg
[ok] Északi bíborfecske -> images/eszaki-biborfecske.jpg
[ok] Törpecsuszka -> images/torpecsuszka.jpg
[ok] Ausztrál szultántyúk -> images/ausztral-szultantyuk.jpg
[ok] Szivárványlóri -> images/szivarvanylori.jpg
[ok] Tigrispinty -> images/tigrispinty.jpg
[ok] Keresztcsőrű -> images/keresztcsoru.jpg
[ok] Bankivatyúk -> images/bankivatyuk.jpg
[ok] Vörös kánya -> images/voros-kanya.jpg
[ok] Sarki partfutó -> images/sarki-partfuto.jpg
[ok] Piroscsüngős lebenyesmadár -> images/piroscsungos-lebenyesmadar.jpg
[ok] Piroshátú tündérmadár -> images/piroshatu-tundermadar.jpg
[ok] Tövisszúró gébics -> images/tovisszuro-gebics.jpg
[ok] Karolinai küllő -> images/karolinai-kullo.jpg
[ok] Örvös bukó -> images/orvos-buko.jpg
[ok] Kanadai csuszka -> images/kanadai-csuszka.jpg
[ok] Pirossapkás cinegelégykapó -> images/pirossapkas-cinegelegykapo.jpg
[ok] Kokárdás harkály -> images/kokardas-harkaly.jpg
[ok] Mandzsu daru -> images/mandzsu-daru.jpg
[ok] Pirosszemű lombgébics -> images/pirosszemu-lombgebics.jpg
[ok] Vörösfejű küllő -> images/vorosfeju-kullo.jpg
[ok] Vörös fogoly -> images/voros-fogoly.jpg
[ok] Vörösfejű gulipán -> images/vorosfeju-gulipan.jpg
[ok] Vörösvállú ölyv -> images/vorosvallu-olyv.jpg
[ok] Rőtfarkú ölyv -> images/rotfarku-olyv.jpg
[ok] Kormos bülbül -> images/kormos-bulbul.jpg
[ok] Bibircses bíbic -> images/bibircses-bibic.jpg
[ok] Pirosvállú csiröge -> images/pirosvallu-csiroge.jpg
[ok] Skarlátszárnyú remetepapagáj -> images/skarlatszarnyu-remetepapagaj.jpg
[ok] Bársonyos aranymadár -> images/barsonyos-aranymadar.jpg
[ok] Orrszarvú alka -> images/orrszarvu-alka.jpg
[ok] Gyűrűscsőrű sirály -> images/gyuruscsoru-siraly.jpg
[ok] Szirti galamb -> images/szirti-galamb.jpg
[ok] Vetési varjú -> images/vetesi-varju.jpg
[ok] Rózsásmellű magvágó -> images/rozsasmellu-magvago.jpg
[ok] Kis sándorpapagáj -> images/kis-sandorpapagaj.jpg
[ok] Rózsás kanalasgém -> images/rozsas-kanalasgem.jpg
[ok] Pásztormadár -> images/pasztormadar.jpg
[ok] Királykanalasgém -> images/kiralykanalasgem.jpg
[ok] Alaszkai királyka -> images/alaszkai-kiralyka.jpg
[ok] Tüzestorkú kolibri -> images/tuzestorku-kolibri.jpg
[ok] Halcsontfarkú réce -> images/halcsontfarku-rece.jpg
[ok] Vörös ásólúd -> images/voros-asolud.jpg
[ok] Pajzsoscankó -> images/pajzsoscanko.jpg
[ok] Kaledón bakcsó -> images/kaledon-bakcso.jpg
[ok] Rozsdás héjabagoly -> images/rozsdas-hejabagoly.jpg
[ok] Rozsdacsíkos mézevő -> images/rozsdacsikos-mezevo.jpg
[ok] Szent halción -> images/szent-halcion.jpg
[ok] Kanadai daru -> images/kanadai-daru.jpg
[ok] Antigoné-daru -> images/antigone-daru.jpg
[ok] Szatírtragopán -> images/szatirtragopan.jpg
[ok] Szavanna verébsármány -> images/szavanna-verebsarmany.jpg
[ok] Nádi tücsökmadár -> images/nadi-tucsokmadar.jpg
[ok] Say-légykapótirannusz -> images/say-legykapotirannusz.jpg
[ok] Pikkelyes fogasfürj -> images/pikkelyes-fogasfurj.jpg
[ok] Muskátpinty -> images/muskatpinty.jpg
[ok] Ollósfarkú tirannusz -> images/ollosfarku-tirannusz.jpg
[ok] Rövidkarmú fakusz -> images/rovidkarmu-fakusz.jpg
[ok] Ezüstös pápaszemesmadár -> images/ezustos-papaszemesmadar.jpg
[ok] Fahéjszínű sáfránymadár -> images/fahejszinu-safranymadar.jpg
[ok] Kis bukó -> images/kis-buko.jpg
[ok] Hósármány -> images/hosarmany.jpg
[ok] Hókócsag -> images/hokocsag.jpg
[ok] Hóbagoly -> images/hobagoly.jpg
[ok] Énekes verébsármány -> images/enekes-verebsarmany.jpg
[ok] Petroica australis -> images/petroica-australis.jpg
[ok] Sisakos kazuár -> images/sisakos-kazuar.jpg
[ok] Flitteres drongó -> images/flitteres-drongo.jpg
[ok] Tengerkék tündérmadár -> images/tengerkek-tundermadar.jpg
[ok] Lapátcsőrű partfutó -> images/lapatcsoru-partfuto.jpg
[ok] Pettyezetlen vízicsibe -> images/pettyezetlen-vizicsibe.jpg
[ok] Gyöngyösnyakú gerle -> images/gyongyosnyaku-gerle.jpg
[ok] Nyugati erdeibagoly -> images/nyugati-erdeibagoly.jpg
[ok] Pettyes billegetőcankó -> images/pettyes-billegetocanko.jpg
[ok] Foltos földiveréb -> images/foltos-foldivereb.jpg
[ok] Sprague-pityer -> images/sprague-pityer.jpg
[ok] Üstökösgém -> images/ustokosgem.jpg
[ok] Díszes kitta -> images/diszes-kitta.jpg
[ok] Srí lankai békaszájú -> images/sri-lankai-bekaszaju.jpg
[ok] Bóbitás szajkó -> images/bobitas-szajko.jpg
[ok] Gólyacsőrű halción -> images/golyacsoru-halcion.jpg
[ok] Feketemellű fürj -> images/feketemellu-furj.jpg
[ok] Sárgabóbitás kakadu -> images/sargabobitas-kakadu.jpg
[ok] Pompás lantfarkúmadár -> images/pompas-lantfarkumadar.jpg
[ok] Prériölyv -> images/preriolyv.jpg
[ok] Bagolyfecske -> images/bagolyfecske.jpg
[ok] Kövi pacsirta -> images/kovi-pacsirta.jpg
[ok] Odúfecske -> images/odufecske.jpg
[ok] Trombitás sivatagipinty -> images/trombitas-sivatagipinty.jpg
[ok] Trombitás hattyú -> images/trombitas-hattyu.jpg
[ok] Indiáncinege -> images/indiancinege.jpg
[ok] Pulykakeselyű -> images/pulykakeselyu.jpg
[ok] Sárgacsőrű kenderike -> images/sargacsoru-kenderike.jpg
[ok] Tui -> images/tui.jpg
[ok] Vaux-sarlósfecske -> images/vaux-sarlosfecske.jpg
[ok] Eumyias thalassinus -> images/eumyias-thalassinus.jpg
[ok] Ibolyaszínű rézkakukk -> images/ibolyaszinu-rezkakukk.jpg
[ok] Karolinai fecske -> images/karolinai-fecske.jpg
[ok] Ékfarkú sas -> images/ekfarku-sas.jpg
[ok] Ausztrál fecske -> images/ausztral-fecske.jpg
[ok] Nyugati réticsiröge -> images/nyugati-reticsiroge.jpg
[ok] Sáfránytangara -> images/safranytangara.jpg
[ok] Fehér gólya -> images/feher-golya.jpg
[ok] Barázdabillegető -> images/barazdabillegeto.jpg
[ok] Fehérhátú fakopáncs -> images/feherhatu-fakopancs.jpg
[ok] Fehérhasú rétisas -> images/feherhasu-retisas.jpg
[ok] Barátcsuszka -> images/baratcsuszka.jpg
[ok] Fehérhasú fecskeseregély -> images/feherhasu-fecskeseregely.jpg
[ok] Bíborkirályka -> images/biborkiralyka.jpg
[ok] Fehérfejű álszajkó -> images/feherfeju-alszajko.jpg
[ok] Koronás verébsármány -> images/koronas-verebsarmany.jpg
[ok] Fehérarcú gém -> images/feherarcu-gem.jpg
[ok] Fehérarcú batla -> images/feherarcu-batla.jpg
[ok] Kékcsőrű réce -> images/kekcsoru-rece.jpg
[ok] Vízirigó -> images/vizirigo.jpg
[ok] Barna halkapó -> images/barna-halkapo.jpg
[ok] Fehérmellű sarlósfecske -> images/fehermellu-sarlosfecske.jpg
[ok] Lármás daru -> images/larmas-daru.jpg
[ok] Vadpulyka -> images/vadpulyka.jpg
[ok] Lármás cankó -> images/larmas-canko.jpg
[ok] Fehérhasú legyezőfarok -> images/feherhasu-legyezofarok.jpg
[ok] Kormosfejű cinege -> images/kormosfeju-cinege.jpg
[ok] Amerikai sárszalonka -> images/amerikai-sarszalonka.jpg
[ok] Wilson-viharfecske -> images/wilson-viharfecske.jpg
[ok] Karolinai réce -> images/karolinai-rece.jpg
[ok] Erdei gólya -> images/erdei-golya.jpg
[ok] Ferdecsőrű lile -> images/ferdecsoru-lile.jpg
[ok] Sárga törpegém -> images/sarga-torpegem.png
[ok] Sárgahasú cukorharkály -> images/sargahasu-cukorharkaly.jpg
[ok] Sárgacsőrű esőkakukk -> images/sargacsoru-esokakukk.jpg
[ok] Pápaszemes lombjáró -> images/papaszemes-lombjaro.jpg
[ok] Sárgafejű csiröge -> images/sargafeju-csiroge.jpg
[ok] Koronás erdeiposzáta -> images/koronas-erdeiposzata.jpg
[ok] Citromsármány -> images/citromsarmany.jpg
[ok] Csíkos gerle -> images/csikos-gerle.jpg
Done. ok/dry-run=328, skipped=118, missing=0
